// Jest Snapshot v1, https://goo.gl/fbAQLP

exports[`PlayerNumForm should render correctlly 1`] = `
<Provider
  store={
    Object {
      "clearActions": [Function],
      "dispatch": [Function],
      "getActions": [Function],
      "getState": [Function],
      "replaceReducer": [Function],
      "subscribe": [Function],
    }
  }
>
  <BrowserRouter>
    <Router
      history={
        Object {
          "action": "POP",
          "block": [Function],
          "createHref": [Function],
          "go": [Function],
          "goBack": [Function],
          "goForward": [Function],
          "length": 1,
          "listen": [Function],
          "location": Object {
            "hash": "",
            "pathname": "/",
            "search": "",
            "state": undefined,
          },
          "push": [Function],
          "replace": [Function],
        }
      }
    >
      <PlayerNumForm>
        <Formik
          enableReinitialize={false}
          initialValues={
            Object {
              "playerNum": 0,
            }
          }
          isInitialValid={false}
          onSubmit={[Function]}
          render={[Function]}
          validateOnBlur={true}
          validateOnChange={true}
          validationSchema={
            ObjectSchema {
              "_blacklist": RefSet {
                "list": Set {},
                "refs": Map {},
              },
              "_conditions": Array [],
              "_defaultDefault": [Function],
              "_deps": Array [],
              "_excludedEdges": Array [],
              "_exclusive": Object {},
              "_mutate": undefined,
              "_nodes": Array [
                "playerNum",
              ],
              "_options": Object {
                "abortEarly": true,
                "recursive": true,
              },
              "_type": "object",
              "_typeError": [Function],
              "_whitelist": RefSet {
                "list": Set {},
                "refs": Map {},
              },
              "fields": Object {
                "playerNum": NumberSchema {
                  "_blacklist": RefSet {
                    "list": Set {},
                    "refs": Map {},
                  },
                  "_conditions": Array [],
                  "_deps": Array [],
                  "_exclusive": Object {
                    "min": true,
                    "required": true,
                  },
                  "_mutate": undefined,
                  "_options": Object {
                    "abortEarly": true,
                    "recursive": true,
                  },
                  "_type": "number",
                  "_typeError": [Function],
                  "_whitelist": RefSet {
                    "list": Set {},
                    "refs": Map {},
                  },
                  "tests": Array [
                    [Function],
                    [Function],
                  ],
                  "transforms": Array [
                    [Function],
                  ],
                },
              },
              "tests": Array [],
              "transforms": Array [
                [Function],
              ],
            }
          }
        >
          <form
            className="PlayerNumForm"
            onSubmit={[Function]}
          >
            <FormikConnect(FieldInner)
              name="playerNum"
              placeholder="Player number"
              type="number"
            >
              <FieldInner
                formik={
                  Object {
                    "dirty": false,
                    "errors": Object {},
                    "handleBlur": [Function],
                    "handleChange": [Function],
                    "handleReset": [Function],
                    "handleSubmit": [Function],
                    "initialValues": Object {
                      "playerNum": 0,
                    },
                    "isSubmitting": false,
                    "isValid": false,
                    "isValidating": false,
                    "registerField": [Function],
                    "resetForm": [Function],
                    "setError": [Function],
                    "setErrors": [Function],
                    "setFieldError": [Function],
                    "setFieldTouched": [Function],
                    "setFieldValue": [Function],
                    "setFormikState": [Function],
                    "setStatus": [Function],
                    "setSubmitting": [Function],
                    "setTouched": [Function],
                    "setValues": [Function],
                    "status": undefined,
                    "submitCount": 0,
                    "submitForm": [Function],
                    "touched": Object {},
                    "unregisterField": [Function],
                    "validate": undefined,
                    "validateField": [Function],
                    "validateForm": [Function],
                    "validateOnBlur": true,
                    "validateOnChange": true,
                    "validationSchema": ObjectSchema {
                      "_blacklist": RefSet {
                        "list": Set {},
                        "refs": Map {},
                      },
                      "_conditions": Array [],
                      "_defaultDefault": [Function],
                      "_deps": Array [],
                      "_excludedEdges": Array [],
                      "_exclusive": Object {},
                      "_mutate": undefined,
                      "_nodes": Array [
                        "playerNum",
                      ],
                      "_options": Object {
                        "abortEarly": true,
                        "recursive": true,
                      },
                      "_type": "object",
                      "_typeError": [Function],
                      "_whitelist": RefSet {
                        "list": Set {},
                        "refs": Map {},
                      },
                      "fields": Object {
                        "playerNum": NumberSchema {
                          "_blacklist": RefSet {
                            "list": Set {},
                            "refs": Map {},
                          },
                          "_conditions": Array [],
                          "_deps": Array [],
                          "_exclusive": Object {
                            "min": true,
                            "required": true,
                          },
                          "_mutate": undefined,
                          "_options": Object {
                            "abortEarly": true,
                            "recursive": true,
                          },
                          "_type": "number",
                          "_typeError": [Function],
                          "_whitelist": RefSet {
                            "list": Set {},
                            "refs": Map {},
                          },
                          "tests": Array [
                            [Function],
                            [Function],
                          ],
                          "transforms": Array [
                            [Function],
                          ],
                        },
                      },
                      "tests": Array [],
                      "transforms": Array [
                        [Function],
                      ],
                    },
                    "values": Object {
                      "playerNum": 0,
                    },
                  }
                }
                name="playerNum"
                placeholder="Player number"
                type="number"
              >
                <input
                  name="playerNum"
                  onBlur={[Function]}
                  onChange={[Function]}
                  placeholder="Player number"
                  type="number"
                  value={0}
                />
              </FieldInner>
            </FormikConnect(FieldInner)>
            <FormikConnect(ErrorMessageImpl)
              name="playerNum"
            >
              <ErrorMessageImpl
                formik={
                  Object {
                    "dirty": false,
                    "errors": Object {},
                    "handleBlur": [Function],
                    "handleChange": [Function],
                    "handleReset": [Function],
                    "handleSubmit": [Function],
                    "initialValues": Object {
                      "playerNum": 0,
                    },
                    "isSubmitting": false,
                    "isValid": false,
                    "isValidating": false,
                    "registerField": [Function],
                    "resetForm": [Function],
                    "setError": [Function],
                    "setErrors": [Function],
                    "setFieldError": [Function],
                    "setFieldTouched": [Function],
                    "setFieldValue": [Function],
                    "setFormikState": [Function],
                    "setStatus": [Function],
                    "setSubmitting": [Function],
                    "setTouched": [Function],
                    "setValues": [Function],
                    "status": undefined,
                    "submitCount": 0,
                    "submitForm": [Function],
                    "touched": Object {},
                    "unregisterField": [Function],
                    "validate": undefined,
                    "validateField": [Function],
                    "validateForm": [Function],
                    "validateOnBlur": true,
                    "validateOnChange": true,
                    "validationSchema": ObjectSchema {
                      "_blacklist": RefSet {
                        "list": Set {},
                        "refs": Map {},
                      },
                      "_conditions": Array [],
                      "_defaultDefault": [Function],
                      "_deps": Array [],
                      "_excludedEdges": Array [],
                      "_exclusive": Object {},
                      "_mutate": undefined,
                      "_nodes": Array [
                        "playerNum",
                      ],
                      "_options": Object {
                        "abortEarly": true,
                        "recursive": true,
                      },
                      "_type": "object",
                      "_typeError": [Function],
                      "_whitelist": RefSet {
                        "list": Set {},
                        "refs": Map {},
                      },
                      "fields": Object {
                        "playerNum": NumberSchema {
                          "_blacklist": RefSet {
                            "list": Set {},
                            "refs": Map {},
                          },
                          "_conditions": Array [],
                          "_deps": Array [],
                          "_exclusive": Object {
                            "min": true,
                            "required": true,
                          },
                          "_mutate": undefined,
                          "_options": Object {
                            "abortEarly": true,
                            "recursive": true,
                          },
                          "_type": "number",
                          "_typeError": [Function],
                          "_whitelist": RefSet {
                            "list": Set {},
                            "refs": Map {},
                          },
                          "tests": Array [
                            [Function],
                            [Function],
                          ],
                          "transforms": Array [
                            [Function],
                          ],
                        },
                      },
                      "tests": Array [],
                      "transforms": Array [
                        [Function],
                      ],
                    },
                    "values": Object {
                      "playerNum": 0,
                    },
                  }
                }
                name="playerNum"
              />
            </FormikConnect(ErrorMessageImpl)>
            <button
              className="btn"
              type="submit"
            >
               next → 
            </button>
          </form>
        </Formik>
      </PlayerNumForm>
    </Router>
  </BrowserRouter>
</Provider>
`;
